// Jest Snapshot v1, https://goo.gl/fbAQLP

exports[`vjlp5 page renders properly 1`] = `"<div></div>"`;
