// Jest Snapshot v1, https://goo.gl/fbAQLP

exports[`Testing vjlp6 index.vue Renders correctly 1`] = `<div />`;
