// Jest Snapshot v1, https://goo.gl/fbAQLP

exports[`Testing VJLP5 index.vue Renders correctly 1`] = `<div />`;

exports[`Testing VJLP5 index.vue renders correctly 1`] = `<div />`;
